build 36 bp Position,CAST/EiJ,CBA/J,CE/J,CZECHII/EiJ,DBA/1J
3010663,A,c,c,c,c
3011241,G,g,g,a,g
3011392,T,c,c,c,c
3011789,G,a,a,g,a
3013031,C,t,t,c,t
3013292,T,a,a,a,a
3013477,A,g,g,g,g
3350959,G,G,G,G,G
3353019,A,g,g,a,g
