LAT_N,CITY,TEMP_F
47,Caribou,65.8
40,Denver,74.8
33,Phoenix,91.7
