ID,MONTH,TEMP_C,RAIN_C
44,1,-2.6111111111111107,7.0866e-2
66,1,-14.055555555555555,0.82677
