is_numeric(maybe_num)
true
true
true
true
false
false
false
true
