MAX(TEMP_F + 0),MIN(TEMP_F + 0),AVG(RAIN_I),ID
91.7,57.4,2.73,13
74.8,27.3,1.145,44
65.8,6.7,3.3099999999999996,66
