ID,MONTH,TEMP_C,RAIN_C
13,1,14.11111111111111,0.122047
13,7,33.166666666666664,2.027555
44,1,-2.6111111111111107,7.0866e-2
44,7,23.77777777777778,0.830707
66,1,-14.055555555555555,0.82677
66,7,18.77777777777778,1.7795239999999999
